Microchip MPLAB XC8 Compiler V2.31

Linker command line:

-W-3 --edf=C:\Program Files\Microchip\xc8\v2.31\pic\dat\en_msgs.txt -cn \
  -h+dist/default/production\7seg4digits.X.production.sym \
  --cmf=dist/default/production\7seg4digits.X.production.cmf -z -Q16F1509 \
  -oC:\Users\Trung\AppData\Local\Temp\saj4.2 --defsym=__MPLAB_BUILD=1 \
  -Mdist/default/production/7seg4digits.X.production.map -E1 \
  -ver=XC8 Compiler --acfsm=1493 -ASTACK=02052h-021EFh -pstack=STACK \
  -ACODE=00h-07FFhx4 -ASTRCODE=00h-01FFFh -ASTRING=00h-0FFhx32 \
  -ACONST=00h-0FFhx32 -AENTRY=00h-0FFhx32 -ACOMMON=070h-07Fh \
  -ABANK0=020h-06Fh -ABANK1=0A0h-0EFh -ABANK2=0120h-016Fh \
  -ABANK3=01A0h-01EFh -ABANK4=0220h-026Fh -ABANK5=02A0h-02EFh \
  -ABANK6=0320h-032Fh -ABIGRAM=02000h-021EFh \
  -ARAM=020h-06Fh,0A0h-0EFh,0120h-016Fh,01A0h-01EFh,0220h-026Fh,02A0h-02EFh,0320h-032Fh \
  -AABS1=020h-07Fh,0A0h-0EFh,0120h-016Fh,01A0h-01EFh,0220h-026Fh,02A0h-02EFh,0320h-032Fh \
  -ASFR0=00h-01Fh -ASFR1=080h-09Fh -ASFR2=0100h-011Fh -ASFR3=0180h-019Fh \
  -ASFR4=0200h-021Fh -ASFR5=0280h-029Fh -ASFR6=0300h-031Fh \
  -ASFR7=0380h-03EFh -ASFR8=0400h-046Fh -ASFR9=0480h-04EFh \
  -ASFR10=0500h-056Fh -ASFR11=0580h-05EFh -ASFR12=0600h-066Fh \
  -ASFR13=0680h-06EFh -ASFR14=0700h-076Fh -ASFR15=0780h-07EFh \
  -ASFR16=0800h-086Fh -ASFR17=0880h-08EFh -ASFR18=0900h-096Fh \
  -ASFR19=0980h-09EFh -ASFR20=0A00h-0A6Fh -ASFR21=0A80h-0AEFh \
  -ASFR22=0B00h-0B6Fh -ASFR23=0B80h-0BEFh -ASFR24=0C00h-0C6Fh \
  -ASFR25=0C80h-0CEFh -ASFR26=0D00h-0D6Fh -ASFR27=0D80h-0DEFh \
  -ASFR28=0E00h-0E6Fh -ASFR29=0E80h-0EEFh -ASFR30=0F00h-0F6Fh \
  -ASFR31=0F80h-0FEFh -ACONFIG=08007h-08008h -DCONFIG=2 \
  -AIDLOC=08000h-08003h -DIDLOC=2 -DCODE=2 -DSTRCODE=2 -DSTRING=2 -DCONST=2 \
  -DENTRY=2 -preset_vec=00h,intentry,init,end_init -ppowerup=CODE \
  -pcinit=CODE -pfunctab=ENTRY -k C:\Users\Trung\AppData\Local\Temp\saj4.o \
  dist/default/production\7seg4digits.X.production.o 

Object code version is 3.11

Machine type is 16F1509



                Name                               Link     Load   Length Selector   Space Scale
C:\Users\Trung\AppData\Local\Temp\saj4.o
                end_init                              2        2        2        0       0
                reset_vec                             0        0        2        0       0
                config                             8007     8007        2        0       4
dist/default/production\7seg4digits.X.production.o
                cinit                               7E8      7E8       18      FD0       0
                config                             8007     8007        2        0       4
                text87                              1AE      1AE       2C      35C       0
                text86                              12F      12F       29      25E       0
                text85                              F36      F36       14     1E6C       0
                text84                               C1       C1       24      182       0
                text83                               E5       E5       24      1CA       0
                text82                              E0C      E0C        6     1C18       0
                text81                              E12      E12        6     1C24       0
                text80                              E18      E18        6     1C30       0
                text79                               9F       9F       22      13E       0
                text78                              E54      E54        A     1CA8       0
                text77                              E1E      E1E        6     1C3C       0
                text76                               16       16       19       2C       0
                text75                              DC9      DC9        4     1B92       0
                text74                              E9F      E9F       10     1D3E       0
                text73                              33A      33A       3C      674       0
                text72                              296      296       34      52C       0
                text71                              DAE      DAE        3     1B5C       0
                text70                              DB1      DB1        3     1B62       0
                text69                              DB4      DB4        3     1B68       0
                text68                               64       64       1C       C8       0
                text67                              DB7      DB7        3     1B6E       0
                text66                              DBA      DBA        3     1B74       0
                text65                              DBD      DBD        3     1B7A       0
                text64                              EAF      EAF       10     1D5E       0
                text63                              109      109       26      212       0
                text62                              E6A      E6A        D     1CD4       0
                text61                              EBF      EBF       11     1D7E       0
                text60                              ED0      ED0       11     1DA0       0
                text59                              EE1      EE1       11     1DC2       0
                text58                              EF2      EF2       11     1DE4       0
                text57                              F03      F03       11     1E06       0
                text56                              FA0      FA0       18     1F40       0
                text55                              F14      F14       11     1E28       0
                text54                              F25      F25       11     1E4A       0
                text53                                5        5       11        A       0
                text52                              FB8      FB8       18     1F70       0
                text51                              DAA      DAA        2     1B54       0
                text50                              DAC      DAC        2     1B58       0
                text49                              DC0      DC0        3     1B80       0
                text48                              DCD      DCD        4     1B9A       0
                text47                              DC3      DC3        3     1B86       0
                text46                              DD1      DD1        4     1BA2       0
                text45                              DD5      DD5        5     1BAA       0
                text44                              E24      E24        6     1C48       0
                text43                              DC6      DC6        3     1B8C       0
                text42                              234      234       2F      468       0
                text41                              DDA      DDA        5     1BB4       0
                text40                              E4B      E4B        9     1C96       0
                text39                              E43      E43        8     1C86       0
                text38                              45F      45F       55      8BE       0
                text37                              376      376       46      6EC       0
                text36                              E3C      E3C        7     1C78       0
                text35                              DDF      DDF        5     1BBE       0
                text34                              DE4      DE4        5     1BC8       0
                text33                              DE9      DE9        5     1BD2       0
                text32                              DEE      DEE        5     1BDC       0
                text31                              DF3      DF3        5     1BE6       0
                text30                              DF8      DF8        5     1BF0       0
                text29                              DFD      DFD        5     1BFA       0
                text28                              E02      E02        5     1C04       0
                text27                              1DA      1DA       2C      3B4       0
                text26                              158      158       2B      2B0       0
                text25                              E2A      E2A        6     1C54       0
                text24                              E77      E77        D     1CEE       0
                text23                               80       80       1F      100       0
                text22                              E07      E07        5     1C0E       0
                text21                              E91      E91        E     1D22       0
                text20                              300      300       3A      600       0
                text19                              E84      E84        D     1D08       0
                text18                              2CA      2CA       36      594       0
                text17                              263      263       33      4C6       0
                text16                              512      512       5F      A24       0
                text15                              40C      40C       53      818       0
                text14                              F5E      F5E       15     1EBC       0
                text13                              F4A      F4A       14     1E94       0
                text12                              571      571       91      AE2       0
                text11                              206      206       2E      40C       0
                text10                              183      183       2B      306       0
                text9                               F89      F89       17     1F12       0
                text8                               69C      69C      14C      D38       0
                text7                               4B4      4B4       5E      968       0
                text6                               FD0      FD0       18     1FA0       0
                text5                                49       49       1B       92       0
                text4                                2F       2F       1A       5E       0
                text3                               F73      F73       16     1EE6       0
                text2                               FE8      FE8       18     1FD0       0
                text1                               3BC      3BC       50      778       0
                maintext                            602      602       9A      C04       0
                cstackBANK0                          50       50        F       20       1
                cstackCOMMON                         70       70        E       70       1
                clrtext                             E30      E30        6     1C60       0
                inittext                            E36      E36        6     1C6C       0
                dataBANK0                            5F       5F        C       20       1
                bssBANK0                             20       20       30       20       1
                bitbssBANK0                         378       6F        1       20       1     8
                nvBANK1                              A0       A0        2       A0       1
                nvBANK0                              6B       6B        4       20       1
                stringtext1                         800      800       20     1000       0
                idataBANK0                          E5E      E5E        C     1CBC       0

TOTAL           Name                               Link     Load   Length     Space
        CLASS   STACK          

        CLASS   CODE           
                end_init                              2        2        2         0
                cinit                               7E8      7E8       18         0
                reset_vec                             0        0        2         0
                text87                              1AE      1AE       2C         0
                text86                              12F      12F       29         0
                text85                              F36      F36       14         0
                text84                               C1       C1       24         0
                text83                               E5       E5       24         0
                text82                              E0C      E0C        6         0
                text81                              E12      E12        6         0
                text80                              E18      E18        6         0
                text79                               9F       9F       22         0
                text78                              E54      E54        A         0
                text77                              E1E      E1E        6         0
                text76                               16       16       19         0
                text75                              DC9      DC9        4         0
                text74                              E9F      E9F       10         0
                text73                              33A      33A       3C         0
                text72                              296      296       34         0
                text71                              DAE      DAE        3         0
                text70                              DB1      DB1        3         0
                text69                              DB4      DB4        3         0
                text68                               64       64       1C         0
                text67                              DB7      DB7        3         0
                text66                              DBA      DBA        3         0
                text65                              DBD      DBD        3         0
                text64                              EAF      EAF       10         0
                text63                              109      109       26         0
                text62                              E6A      E6A        D         0
                text61                              EBF      EBF       11         0
                text60                              ED0      ED0       11         0
                text59                              EE1      EE1       11         0
                text58                              EF2      EF2       11         0
                text57                              F03      F03       11         0
                text56                              FA0      FA0       18         0
                text55                              F14      F14       11         0
                text54                              F25      F25       11         0
                text53                                5        5       11         0
                text52                              FB8      FB8       18         0
                text51                              DAA      DAA        2         0
                text50                              DAC      DAC        2         0
                text49                              DC0      DC0        3         0
                text48                              DCD      DCD        4         0
                text47                              DC3      DC3        3         0
                text46                              DD1      DD1        4         0
                text45                              DD5      DD5        5         0
                text44                              E24      E24        6         0
                text43                              DC6      DC6        3         0
                text42                              234      234       2F         0
                text41                              DDA      DDA        5         0
                text40                              E4B      E4B        9         0
                text39                              E43      E43        8         0
                text38                              45F      45F       55         0
                text37                              376      376       46         0
                text36                              E3C      E3C        7         0
                text35                              DDF      DDF        5         0
                text34                              DE4      DE4        5         0
                text33                              DE9      DE9        5         0
                text32                              DEE      DEE        5         0
                text31                              DF3      DF3        5         0
                text30                              DF8      DF8        5         0
                text29                              DFD      DFD        5         0
                text28                              E02      E02        5         0
                text27                              1DA      1DA       2C         0
                text26                              158      158       2B         0
                text25                              E2A      E2A        6         0
                text24                              E77      E77        D         0
                text23                               80       80       1F         0
                text22                              E07      E07        5         0
                text21                              E91      E91        E         0
                text20                              300      300       3A         0
                text19                              E84      E84        D         0
                text18                              2CA      2CA       36         0
                text17                              263      263       33         0
                text16                              512      512       5F         0
                text15                              40C      40C       53         0
                text14                              F5E      F5E       15         0
                text13                              F4A      F4A       14         0
                text12                              571      571       91         0
                text11                              206      206       2E         0
                text10                              183      183       2B         0
                text9                               F89      F89       17         0
                text8                               69C      69C      14C         0
                text7                               4B4      4B4       5E         0
                text6                               FD0      FD0       18         0
                text5                                49       49       1B         0
                text4                                2F       2F       1A         0
                text3                               F73      F73       16         0
                text2                               FE8      FE8       18         0
                text1                               3BC      3BC       50         0
                maintext                            602      602       9A         0
                clrtext                             E30      E30        6         0
                inittext                            E36      E36        6         0
                idataBANK0                          E5E      E5E        C         0

        CLASS   STRCODE        
                stringtext1                         800      800       20         0

        CLASS   STRING         

        CLASS   CONST          

        CLASS   ENTRY          

        CLASS   COMMON         
                cstackCOMMON                         70       70        E         1

        CLASS   BANK0          
                cstackBANK0                          50       50        F         1
                dataBANK0                            5F       5F        C         1
                bssBANK0                             20       20       30         1
                bitbssBANK0                         378       6F        1         1
                nvBANK0                              6B       6B        4         1

        CLASS   BANK1          
                nvBANK1                              A0       A0        2         1

        CLASS   BANK2          

        CLASS   BANK3          

        CLASS   BANK4          

        CLASS   BANK5          

        CLASS   BANK6          

        CLASS   BIGRAM         

        CLASS   RAM            

        CLASS   ABS1           
                abs_s1                               7E       7E        2         1

        CLASS   SFR0           

        CLASS   SFR1           

        CLASS   SFR2           

        CLASS   SFR3           

        CLASS   SFR4           

        CLASS   SFR5           

        CLASS   SFR6           

        CLASS   SFR7           

        CLASS   SFR8           

        CLASS   SFR9           

        CLASS   SFR10          

        CLASS   SFR11          

        CLASS   SFR12          

        CLASS   SFR13          

        CLASS   SFR14          

        CLASS   SFR15          

        CLASS   SFR16          

        CLASS   SFR17          

        CLASS   SFR18          

        CLASS   SFR19          

        CLASS   SFR20          

        CLASS   SFR21          

        CLASS   SFR22          

        CLASS   SFR23          

        CLASS   SFR24          

        CLASS   SFR25          

        CLASS   SFR26          

        CLASS   SFR27          

        CLASS   SFR28          

        CLASS   SFR29          

        CLASS   SFR30          

        CLASS   SFR31          

        CLASS   CONFIG         
                config                             8007     8007        2         4

        CLASS   IDLOC          

        CLASS   BANK31         

        CLASS   BANK30         

        CLASS   BANK29         

        CLASS   BANK28         

        CLASS   BANK27         

        CLASS   BANK26         

        CLASS   BANK25         

        CLASS   BANK24         

        CLASS   BANK23         

        CLASS   BANK22         

        CLASS   BANK21         

        CLASS   BANK20         

        CLASS   BANK19         

        CLASS   BANK18         

        CLASS   BANK17         

        CLASS   BANK16         

        CLASS   BANK15         

        CLASS   BANK14         

        CLASS   BANK13         

        CLASS   BANK12         

        CLASS   BANK11         

        CLASS   BANK10         

        CLASS   BANK9          

        CLASS   BANK8          

        CLASS   BANK7          

        CLASS   EEDATA         



SEGMENTS        Name                           Load    Length   Top    Selector   Space  Class     Delta

                reset_vec                      000000  000004  000004         0       0  CODE        2
                text53                         000005  000011  000016         A       0  CODE        2
                bssBANK0                       000020  000050  000070        20       1  BANK0       1
                text76                         000016  000019  00002F        2C       0  CODE        2
                text4                          00002F  00001A  000049        5E       0  CODE        2
                cstackCOMMON                   000070  00000E  00007E        70       1  COMMON      1
                text5                          000049  00001B  000064        92       0  CODE        2
                nvBANK1                        0000A0  000002  0000A2        A0       1  BANK1       1
                text68                         000064  00001C  000080        C8       0  CODE        2
                text23                         000080  00001F  00009F       100       0  CODE        2
                text79                         00009F  000022  0000C1       13E       0  CODE        2
                text84                         0000C1  000024  0000E5       182       0  CODE        2
                text83                         0000E5  000024  000109       1CA       0  CODE        2
                text63                         000109  000026  00012F       212       0  CODE        2
                text86                         00012F  000029  000158       25E       0  CODE        2
                text26                         000158  00002B  000183       2B0       0  CODE        2
                text10                         000183  00002B  0001AE       306       0  CODE        2
                text87                         0001AE  00002C  0001DA       35C       0  CODE        2
                text27                         0001DA  00002C  000206       3B4       0  CODE        2
                text11                         000206  00002E  000234       40C       0  CODE        2
                text42                         000234  00002F  000263       468       0  CODE        2
                text17                         000263  000033  000296       4C6       0  CODE        2
                text72                         000296  000034  0002CA       52C       0  CODE        2
                text18                         0002CA  000036  000300       594       0  CODE        2
                text20                         000300  00003A  00033A       600       0  CODE        2
                text73                         00033A  00003C  000376       674       0  CODE        2
                text37                         000376  000046  0003BC       6EC       0  CODE        2
                text1                          0003BC  000050  00040C       778       0  CODE        2
                text15                         00040C  000053  00045F       818       0  CODE        2
                text38                         00045F  000055  0004B4       8BE       0  CODE        2
                text7                          0004B4  00005E  000512       968       0  CODE        2
                text16                         000512  00005F  000571       A24       0  CODE        2
                text12                         000571  000091  000602       AE2       0  CODE        2
                maintext                       000602  00009A  00069C       C04       0  CODE        2
                text8                          00069C  00014C  0007E8       D38       0  CODE        2
                cinit                          0007E8  000018  000800       FD0       0  CODE        2
                stringtext1                    000800  000020  000820      1000       0  STRCODE     2
                text51                         000DAA  000002  000DAC      1B54       0  CODE        2
                text50                         000DAC  000002  000DAE      1B58       0  CODE        2
                text71                         000DAE  000003  000DB1      1B5C       0  CODE        2
                text70                         000DB1  000003  000DB4      1B62       0  CODE        2
                text69                         000DB4  000003  000DB7      1B68       0  CODE        2
                text67                         000DB7  000003  000DBA      1B6E       0  CODE        2
                text66                         000DBA  000003  000DBD      1B74       0  CODE        2
                text65                         000DBD  000003  000DC0      1B7A       0  CODE        2
                text49                         000DC0  000003  000DC3      1B80       0  CODE        2
                text47                         000DC3  000003  000DC6      1B86       0  CODE        2
                text43                         000DC6  000003  000DC9      1B8C       0  CODE        2
                text75                         000DC9  000004  000DCD      1B92       0  CODE        2
                text48                         000DCD  000004  000DD1      1B9A       0  CODE        2
                text46                         000DD1  000004  000DD5      1BA2       0  CODE        2
                text45                         000DD5  000005  000DDA      1BAA       0  CODE        2
                text41                         000DDA  000005  000DDF      1BB4       0  CODE        2
                text35                         000DDF  000005  000DE4      1BBE       0  CODE        2
                text34                         000DE4  000005  000DE9      1BC8       0  CODE        2
                text33                         000DE9  000005  000DEE      1BD2       0  CODE        2
                text32                         000DEE  000005  000DF3      1BDC       0  CODE        2
                text31                         000DF3  000005  000DF8      1BE6       0  CODE        2
                text30                         000DF8  000005  000DFD      1BF0       0  CODE        2
                text29                         000DFD  000005  000E02      1BFA       0  CODE        2
                text28                         000E02  000005  000E07      1C04       0  CODE        2
                text22                         000E07  000005  000E0C      1C0E       0  CODE        2
                text82                         000E0C  000006  000E12      1C18       0  CODE        2
                text81                         000E12  000006  000E18      1C24       0  CODE        2
                text80                         000E18  000006  000E1E      1C30       0  CODE        2
                text77                         000E1E  000006  000E24      1C3C       0  CODE        2
                text44                         000E24  000006  000E2A      1C48       0  CODE        2
                text25                         000E2A  000006  000E30      1C54       0  CODE        2
                clrtext                        000E30  000006  000E36      1C60       0  CODE        2
                inittext                       000E36  000006  000E3C      1C6C       0  CODE        2
                text36                         000E3C  000007  000E43      1C78       0  CODE        2
                text39                         000E43  000008  000E4B      1C86       0  CODE        2
                text40                         000E4B  000009  000E54      1C96       0  CODE        2
                text78                         000E54  00000A  000E5E      1CA8       0  CODE        2
                idataBANK0                     000E5E  00000C  000E6A      1CBC       0  CODE        2
                text62                         000E6A  00000D  000E77      1CD4       0  CODE        2
                text24                         000E77  00000D  000E84      1CEE       0  CODE        2
                text19                         000E84  00000D  000E91      1D08       0  CODE        2
                text21                         000E91  00000E  000E9F      1D22       0  CODE        2
                text74                         000E9F  000010  000EAF      1D3E       0  CODE        2
                text64                         000EAF  000010  000EBF      1D5E       0  CODE        2
                text61                         000EBF  000011  000ED0      1D7E       0  CODE        2
                text60                         000ED0  000011  000EE1      1DA0       0  CODE        2
                text59                         000EE1  000011  000EF2      1DC2       0  CODE        2
                text58                         000EF2  000011  000F03      1DE4       0  CODE        2
                text57                         000F03  000011  000F14      1E06       0  CODE        2
                text55                         000F14  000011  000F25      1E28       0  CODE        2
                text54                         000F25  000011  000F36      1E4A       0  CODE        2
                text85                         000F36  000014  000F4A      1E6C       0  CODE        2
                text13                         000F4A  000014  000F5E      1E94       0  CODE        2
                text14                         000F5E  000015  000F73      1EBC       0  CODE        2
                text3                          000F73  000016  000F89      1EE6       0  CODE        2
                text9                          000F89  000017  000FA0      1F12       0  CODE        2
                text56                         000FA0  000018  000FB8      1F40       0  CODE        2
                text52                         000FB8  000018  000FD0      1F70       0  CODE        2
                text6                          000FD0  000018  000FE8      1FA0       0  CODE        2
                text2                          000FE8  000018  001000      1FD0       0  CODE        2


UNUSED ADDRESS RANGES

        Name                Unused          Largest block    Delta
        BANK1            000A2-000EF              4E           1
        BANK2            00120-0016F              50           1
        BANK3            001A0-001EF              50           1
        BANK4            00220-0026F              50           1
        BANK5            002A0-002EF              50           1
        BANK6            00320-0032F              10           1
        BIGRAM           02000-021EF             1F0           1
        CODE             00004-00004               1           2
                         00820-00DA9             58A
                         01000-01FFF             800
        CONST            00004-00004               1           2
                         00820-00DA9             100
                         01000-01FFF             100
        ENTRY            00004-00004               1           2
                         00820-00DA9             100
                         01000-01FFF             100
        IDLOC            08000-08003               4           2
        RAM              000A2-000EF              4E           1
                         00120-0016F              50
                         001A0-001EF              50
                         00220-0026F              50
                         002A0-002EF              50
                         00320-0032F              10
        SFR0             00000-0001F              20           1
        SFR1             00080-0009F              20           1
        SFR10            00500-0056F              70           1
        SFR11            00580-005EF              70           1
        SFR12            00600-0066F              70           1
        SFR13            00680-006EF              70           1
        SFR14            00700-0076F              70           1
        SFR15            00780-007EF              70           1
        SFR16            00800-0086F              70           1
        SFR17            00880-008EF              70           1
        SFR18            00900-0096F              70           1
        SFR19            00980-009EF              70           1
        SFR2             00100-0011F              20           1
        SFR20            00A00-00A6F              70           1
        SFR21            00A80-00AEF              70           1
        SFR22            00B00-00B6F              70           1
        SFR23            00B80-00BEF              70           1
        SFR24            00C00-00C6F              70           1
        SFR25            00C80-00CEF              70           1
        SFR26            00D00-00D6F              70           1
        SFR27            00D80-00DEF              70           1
        SFR28            00E00-00E6F              70           1
        SFR29            00E80-00EEF              70           1
        SFR3             00180-0019F              20           1
        SFR30            00F00-00F6F              70           1
        SFR31            00F80-00FEF              70           1
        SFR4             00200-0021F              20           1
        SFR5             00280-0029F              20           1
        SFR6             00300-0031F              20           1
        SFR7             00380-003EF              70           1
        SFR8             00400-0046F              70           1
        SFR9             00480-004EF              70           1
        STACK            02052-021EF             19E           1
        STRCODE          00004-00004               1           2
                         00820-00DA9             58A
                         01000-01FFF            1000
        STRING           00004-00004               1           2
                         00820-00DA9             100
                         01000-01FFF             100

                                  Symbol Table

?___awdiv                                                 cstackCOMMON 00070
?___awmod                                                 cstackCOMMON 00070
?___lwdiv                                                 cstackCOMMON 00070
?___lwmod                                                 cstackCOMMON 00070
?_debounce                                                cstackCOMMON 00070
EUSART_SetErrorHandler@interruptHandler                   cstackCOMMON 00070
EUSART_SetFramingErrorHandler@interruptHandler            cstackCOMMON 00070
EUSART_SetOverrunErrorHandler@interruptHandler            cstackCOMMON 00070
I2C_CallbackReturnReset@funPtr                            cstackCOMMON 00079
I2C_Close@returnValue                                     cstackCOMMON 00071
I2C_MasterOperation@read                                  cstackBANK0  00053
I2C_MasterOperation@returnValue                           cstackBANK0  00054
I2C_MasterSendTxData@data                                 cstackCOMMON 00070
I2C_Open@address                                          cstackCOMMON 00071
I2C_Open@returnValue                                      cstackCOMMON 00072
I2C_Read1ByteRegister@address                             cstackBANK0  00057
I2C_Read1ByteRegister@reg                                 cstackBANK0  00055
I2C_Read1ByteRegister@returnValue                         cstackBANK0  00058
I2C_SetAddressNackCallback@cb                             cstackCOMMON 00075
I2C_SetAddressNackCallback@ptr                            cstackCOMMON 00077
I2C_SetBuffer@buffer                                      cstackCOMMON 00073
I2C_SetBuffer@bufferSize                                  cstackCOMMON 00070
I2C_SetCallback@cb                                        cstackCOMMON 00070
I2C_SetCallback@idx                                       cstackCOMMON 00074
I2C_SetCallback@ptr                                       cstackCOMMON 00072
I2C_SetDataCompleteCallback@cb                            cstackCOMMON 00075
I2C_SetDataCompleteCallback@ptr                           cstackCOMMON 00077
I2C_Write1ByteRegister@address                            cstackBANK0  00058
I2C_Write1ByteRegister@data                               cstackBANK0  00056
I2C_Write1ByteRegister@reg                                cstackBANK0  00055
MAX7219_CLEAR@j                                           cstackCOMMON 0007D
WriteBits@data                                            cstackCOMMON 00070
WriteBits@i                                               cstackCOMMON 00074
Write_Comand@Address                                      cstackCOMMON 00079
Write_Comand@Data                                         cstackCOMMON 00076
Write_Comand@temp                                         cstackCOMMON 0007A
Write_Digits@Position                                     cstackBANK0  00050
Write_Digits@temp                                         cstackBANK0  00051
Write_Digits@valueDigits                                  cstackCOMMON 00079
_ANSELA                                                   (abs)        0018C
_ANSELB                                                   (abs)        0018D
_ANSELC                                                   (abs)        0018E
_APFCON                                                   (abs)        0011D
_BAUDCON                                                  (abs)        0019F
_BORCON                                                   (abs)        00116
_CONTROL_DS                                               bssBANK0     0004C
_EUSART_DefaultErrorHandler                               (abs)        00000
_EUSART_DefaultFramingErrorHandler                        (abs)        00000
_EUSART_DefaultOverrunErrorHandler                        (abs)        00000
_EUSART_ErrorHandler                                      nvBANK1      000A0
_EUSART_FramingErrorHandler                               nvBANK0      0006D
_EUSART_Initialize                                        text79       0009F
_EUSART_OverrunErrorHandler                               nvBANK0      0006B
_EUSART_SetErrorHandler                                   text82       00E0C
_EUSART_SetFramingErrorHandler                            text81       00E12
_EUSART_SetOverrunErrorHandler                            text80       00E18
_I2C_CallbackReturnReset                                  text50       00DAC
_I2C_CallbackReturnStop                                   text51       00DAA
_I2C_Close                                                text68       00064
_I2C_DO_ADDRESS_NACK                                      text27       001DA
_I2C_DO_IDLE                                              text41       00DDA
_I2C_DO_RCEN                                              text36       00E3C
_I2C_DO_RESET                                             text28       00E02
_I2C_DO_RX                                                text37       00376
_I2C_DO_RX_ACK                                            text31       00DF3
_I2C_DO_RX_NACK_RESTART                                   text29       00DFD
_I2C_DO_RX_NACK_STOP                                      text30       00DF8
_I2C_DO_SEND_ADR_READ                                     text40       00E4B
_I2C_DO_SEND_ADR_WRITE                                    text39       00E43
_I2C_DO_SEND_RESTART                                      text33       00DE9
_I2C_DO_SEND_RESTART_READ                                 text35       00DDF
_I2C_DO_SEND_RESTART_WRITE                                text34       00DE4
_I2C_DO_SEND_STOP                                         text32       00DEE
_I2C_DO_TX                                                text38       0045F
_I2C_DO_TX_EMPTY                                          text42       00234
_I2C_Initialize                                           text78       00E54
_I2C_MasterClearIrq                                       text71       00DAE
_I2C_MasterClose                                          text70       00DB1
_I2C_MasterDisableIrq                                     text69       00DB4
_I2C_MasterEnableRestart                                  text66       00DBA
_I2C_MasterFsm                                            text26       00158
_I2C_MasterGetRxData                                      text47       00DC3
_I2C_MasterIsNack                                         text44       00E24
_I2C_MasterOpen                                           text21       00E91
_I2C_MasterOperation                                      text23       00080
_I2C_MasterSendAck                                        text46       00DD1
_I2C_MasterSendNack                                       text48       00DCD
_I2C_MasterSendTxData                                     text45       00DD5
_I2C_MasterSetIrq                                         text43       00DC6
_I2C_MasterStart                                          text67       00DB7
_I2C_MasterStartRx                                        text49       00DC0
_I2C_MasterStop                                           text65       00DBD
_I2C_MasterWaitForEvent                                   text25       00E2A
_I2C_MasterWrite                                          text22       00E07
_I2C_Open                                                 text20       00300
_I2C_Poller                                               text24       00E77
_I2C_Read1ByteRegister                                    text18       002CA
_I2C_SetAddressNackCallback                               text19       00E84
_I2C_SetBuffer                                            text64       00EAF
_I2C_SetCallback                                          text63       00109
_I2C_SetDataCompleteCallback                              text62       00E6A
_I2C_Status                                               bssBANK0     00020
_I2C_Write1ByteRegister                                   text17       00263
_LATA                                                     (abs)        0010C
_LATB                                                     (abs)        0010D
_LATC                                                     (abs)        0010E
_LATCbits                                                 (abs)        0010E
_MAX7219_CLEAR                                            text85       00F36
_MAX7219_Init                                             text83       000E5
_MA_DS1307                                                bssBANK0     0004B
_OPTION_REGbits                                           (abs)        00095
_OSCCON                                                   (abs)        00099
_OSCILLATOR_Initialize                                    text77       00E1E
_PIE1bits                                                 (abs)        00091
_PIN_MANAGER_Initialize                                   text76       00016
_PIR1bits                                                 (abs)        00011
_PIR2bits                                                 (abs)        00012
_PORTAbits                                                (abs)        0000C
_PORTCbits                                                (abs)        0000E
_RCREG                                                    (abs)        00199
_RCSTA                                                    (abs)        0019D
_RCSTAbits                                                (abs)        0019D
_RTC_Display                                              text12       00571
_SPBRGH                                                   (abs)        0019C
_SPBRGL                                                   (abs)        0019B
_SSP1ADD                                                  (abs)        00212
_SSP1BUF                                                  (abs)        00211
_SSP1CON1                                                 (abs)        00215
_SSP1CON1bits                                             (abs)        00215
_SSP1CON2                                                 (abs)        00216
_SSP1CON2bits                                             (abs)        00216
_SSP1STAT                                                 (abs)        00214
_SSP1STATbits                                             (abs)        00214
_SYSTEM_Initialize                                        text74       00E9F
_T1CON                                                    (abs)        00018
_TMR1H                                                    (abs)        00017
_TMR1L                                                    (abs)        00016
_TMR1ON                                                   (abs)        000C0
_TRISA                                                    (abs)        0008C
_TRISAbits                                                (abs)        0008C
_TRISB                                                    (abs)        0008D
_TRISC                                                    (abs)        0008E
_TRISCbits                                                (abs)        0008E
_TXREG                                                    (abs)        0019A
_TXSTA                                                    (abs)        0019E
_TXSTAbits                                                (abs)        0019E
_WDTCON                                                   (abs)        00097
_WDT_Initialize                                           text75       00DC9
_WPUA                                                     (abs)        0020C
_WPUB                                                     (abs)        0020D
_WriteBits                                                text87       001AE
_Write_Comand                                             text84       000C1
_Write_Digits                                             text86       0012F
__Habs1                                                   abs1         00000
__Hbank0                                                  bank0        00000
__Hbank1                                                  bank1        00000
__Hbank10                                                 bank10       00000
__Hbank11                                                 bank11       00000
__Hbank12                                                 bank12       00000
__Hbank13                                                 bank13       00000
__Hbank14                                                 bank14       00000
__Hbank15                                                 bank15       00000
__Hbank16                                                 bank16       00000
__Hbank17                                                 bank17       00000
__Hbank18                                                 bank18       00000
__Hbank19                                                 bank19       00000
__Hbank2                                                  bank2        00000
__Hbank20                                                 bank20       00000
__Hbank21                                                 bank21       00000
__Hbank22                                                 bank22       00000
__Hbank23                                                 bank23       00000
__Hbank24                                                 bank24       00000
__Hbank25                                                 bank25       00000
__Hbank26                                                 bank26       00000
__Hbank27                                                 bank27       00000
__Hbank28                                                 bank28       00000
__Hbank29                                                 bank29       00000
__Hbank3                                                  bank3        00000
__Hbank30                                                 bank30       00000
__Hbank31                                                 bank31       00000
__Hbank4                                                  bank4        00000
__Hbank5                                                  bank5        00000
__Hbank6                                                  bank6        00000
__Hbank7                                                  bank7        00000
__Hbank8                                                  bank8        00000
__Hbank9                                                  bank9        00000
__Hbigram                                                 bigram       00000
__HbitbssBANK0                                            bitbssBANK0  00000
__HbssBANK0                                               bssBANK0     00000
__Hcinit                                                  cinit        00800
__Hclrtext                                                clrtext      00000
__Hcode                                                   code         00000
__Hcommon                                                 common       00000
__Hconfig                                                 config       08009
__HcstackBANK0                                            cstackBANK0  00000
__HcstackCOMMON                                           cstackCOMMON 00000
__HdataBANK0                                              dataBANK0    00000
__Heeprom_data                                            eeprom_data  00000
__Hend_init                                               end_init     00004
__Hfunctab                                                functab      00000
__HidataBANK0                                             idataBANK0   00000
__Hinit                                                   init         00002
__Hinittext                                               inittext     00000
__Hintentry                                               intentry     00002
__Hmaintext                                               maintext     00000
__HnvBANK0                                                nvBANK0      00000
__HnvBANK1                                                nvBANK1      00000
__Hpowerup                                                powerup      00000
__Hram                                                    ram          00000
__Hreset_vec                                              reset_vec    00002
__Hsfr0                                                   sfr0         00000
__Hsfr1                                                   sfr1         00000
__Hsfr10                                                  sfr10        00000
__Hsfr11                                                  sfr11        00000
__Hsfr12                                                  sfr12        00000
__Hsfr13                                                  sfr13        00000
__Hsfr14                                                  sfr14        00000
__Hsfr15                                                  sfr15        00000
__Hsfr16                                                  sfr16        00000
__Hsfr17                                                  sfr17        00000
__Hsfr18                                                  sfr18        00000
__Hsfr19                                                  sfr19        00000
__Hsfr2                                                   sfr2         00000
__Hsfr20                                                  sfr20        00000
__Hsfr21                                                  sfr21        00000
__Hsfr22                                                  sfr22        00000
__Hsfr23                                                  sfr23        00000
__Hsfr24                                                  sfr24        00000
__Hsfr25                                                  sfr25        00000
__Hsfr26                                                  sfr26        00000
__Hsfr27                                                  sfr27        00000
__Hsfr28                                                  sfr28        00000
__Hsfr29                                                  sfr29        00000
__Hsfr3                                                   sfr3         00000
__Hsfr30                                                  sfr30        00000
__Hsfr31                                                  sfr31        00000
__Hsfr4                                                   sfr4         00000
__Hsfr5                                                   sfr5         00000
__Hsfr6                                                   sfr6         00000
__Hsfr7                                                   sfr7         00000
__Hsfr8                                                   sfr8         00000
__Hsfr9                                                   sfr9         00000
__Hspace_0                                                (abs)        01000
__Hspace_1                                                (abs)        00379
__Hspace_2                                                (abs)        00000
__Hspace_3                                                (abs)        00000
__Hspace_4                                                (abs)        10010
__Hstack                                                  stack        00000
__Hstrings                                                strings      00000
__Hstringtext1                                            stringtext1  00000
__Htext                                                   text         00000
__Labs1                                                   abs1         00000
__Lbank0                                                  bank0        00000
__Lbank1                                                  bank1        00000
__Lbank10                                                 bank10       00000
__Lbank11                                                 bank11       00000
__Lbank12                                                 bank12       00000
__Lbank13                                                 bank13       00000
__Lbank14                                                 bank14       00000
__Lbank15                                                 bank15       00000
__Lbank16                                                 bank16       00000
__Lbank17                                                 bank17       00000
__Lbank18                                                 bank18       00000
__Lbank19                                                 bank19       00000
__Lbank2                                                  bank2        00000
__Lbank20                                                 bank20       00000
__Lbank21                                                 bank21       00000
__Lbank22                                                 bank22       00000
__Lbank23                                                 bank23       00000
__Lbank24                                                 bank24       00000
__Lbank25                                                 bank25       00000
__Lbank26                                                 bank26       00000
__Lbank27                                                 bank27       00000
__Lbank28                                                 bank28       00000
__Lbank29                                                 bank29       00000
__Lbank3                                                  bank3        00000
__Lbank30                                                 bank30       00000
__Lbank31                                                 bank31       00000
__Lbank4                                                  bank4        00000
__Lbank5                                                  bank5        00000
__Lbank6                                                  bank6        00000
__Lbank7                                                  bank7        00000
__Lbank8                                                  bank8        00000
__Lbank9                                                  bank9        00000
__Lbigram                                                 bigram       00000
__LbitbssBANK0                                            bitbssBANK0  00000
__LbssBANK0                                               bssBANK0     00000
__Lcinit                                                  cinit        007E8
__Lclrtext                                                clrtext      00000
__Lcode                                                   code         00000
__Lcommon                                                 common       00000
__Lconfig                                                 config       00000
__LcstackBANK0                                            cstackBANK0  00000
__LcstackCOMMON                                           cstackCOMMON 00000
__LdataBANK0                                              dataBANK0    00000
__Leeprom_data                                            eeprom_data  00000
__Lend_init                                               end_init     00002
__Lfunctab                                                functab      00000
__LidataBANK0                                             idataBANK0   00000
__Linit                                                   init         00002
__Linittext                                               inittext     00000
__Lintentry                                               intentry     00002
__Lmaintext                                               maintext     00000
__LnvBANK0                                                nvBANK0      00000
__LnvBANK1                                                nvBANK1      00000
__Lpowerup                                                powerup      00000
__Lram                                                    ram          00000
__Lreset_vec                                              reset_vec    00000
__Lsfr0                                                   sfr0         00000
__Lsfr1                                                   sfr1         00000
__Lsfr10                                                  sfr10        00000
__Lsfr11                                                  sfr11        00000
__Lsfr12                                                  sfr12        00000
__Lsfr13                                                  sfr13        00000
__Lsfr14                                                  sfr14        00000
__Lsfr15                                                  sfr15        00000
__Lsfr16                                                  sfr16        00000
__Lsfr17                                                  sfr17        00000
__Lsfr18                                                  sfr18        00000
__Lsfr19                                                  sfr19        00000
__Lsfr2                                                   sfr2         00000
__Lsfr20                                                  sfr20        00000
__Lsfr21                                                  sfr21        00000
__Lsfr22                                                  sfr22        00000
__Lsfr23                                                  sfr23        00000
__Lsfr24                                                  sfr24        00000
__Lsfr25                                                  sfr25        00000
__Lsfr26                                                  sfr26        00000
__Lsfr27                                                  sfr27        00000
__Lsfr28                                                  sfr28        00000
__Lsfr29                                                  sfr29        00000
__Lsfr3                                                   sfr3         00000
__Lsfr30                                                  sfr30        00000
__Lsfr31                                                  sfr31        00000
__Lsfr4                                                   sfr4         00000
__Lsfr5                                                   sfr5         00000
__Lsfr6                                                   sfr6         00000
__Lsfr7                                                   sfr7         00000
__Lsfr8                                                   sfr8         00000
__Lsfr9                                                   sfr9         00000
__Lspace_0                                                (abs)        00000
__Lspace_1                                                (abs)        00000
__Lspace_2                                                (abs)        00000
__Lspace_3                                                (abs)        00000
__Lspace_4                                                (abs)        00000
__Lstack                                                  stack        00000
__Lstrings                                                strings      00000
__Lstringtext1                                            stringtext1  00000
__Ltext                                                   text         00000
__S0                                                      (abs)        01000
__S1                                                      (abs)        000A2
__S2                                                      (abs)        00000
___awdiv                                                  text16       00512
___awdiv@counter                                          cstackCOMMON 00075
___awdiv@dividend                                         cstackCOMMON 00072
___awdiv@divisor                                          cstackCOMMON 00070
___awdiv@quotient                                         cstackCOMMON 00077
___awdiv@sign                                             cstackCOMMON 00076
___awmod                                                  text15       0040C
___awmod@counter                                          cstackCOMMON 00075
___awmod@dividend                                         cstackCOMMON 00072
___awmod@divisor                                          cstackCOMMON 00070
___awmod@sign                                             cstackCOMMON 00076
___bmul                                                   text14       00F5E
___bmul@multiplicand                                      cstackCOMMON 00070
___bmul@multiplier                                        cstackCOMMON 00073
___bmul@product                                           cstackCOMMON 00072
___int_sp                                                 stack        00000
___latbits                                                (abs)        00002
___lwdiv                                                  text73       0033A
___lwdiv@counter                                          cstackCOMMON 00077
___lwdiv@dividend                                         cstackCOMMON 00072
___lwdiv@divisor                                          cstackCOMMON 00070
___lwdiv@quotient                                         cstackCOMMON 00075
___lwmod                                                  text72       00296
___lwmod@counter                                          cstackCOMMON 00075
___lwmod@dividend                                         cstackCOMMON 00072
___lwmod@divisor                                          cstackCOMMON 00070
___sp                                                     stack        00000
___stackhi                                                (abs)        021EF
___stacklo                                                (abs)        02052
__end_of_EUSART_Initialize                                text79       000C1
__end_of_EUSART_SetErrorHandler                           text82       00E12
__end_of_EUSART_SetFramingErrorHandler                    text81       00E18
__end_of_EUSART_SetOverrunErrorHandler                    text80       00E1E
__end_of_I2C_CallbackReturnReset                          text50       00DAE
__end_of_I2C_CallbackReturnStop                           text51       00DAC
__end_of_I2C_Close                                        text68       00080
__end_of_I2C_DO_ADDRESS_NACK                              text27       00206
__end_of_I2C_DO_IDLE                                      text41       00DDF
__end_of_I2C_DO_RCEN                                      text36       00E43
__end_of_I2C_DO_RESET                                     text28       00E07
__end_of_I2C_DO_RX                                        text37       003BC
__end_of_I2C_DO_RX_ACK                                    text31       00DF8
__end_of_I2C_DO_RX_NACK_RESTART                           text29       00E02
__end_of_I2C_DO_RX_NACK_STOP                              text30       00DFD
__end_of_I2C_DO_SEND_ADR_READ                             text40       00E54
__end_of_I2C_DO_SEND_ADR_WRITE                            text39       00E4B
__end_of_I2C_DO_SEND_RESTART                              text33       00DEE
__end_of_I2C_DO_SEND_RESTART_READ                         text35       00DE4
__end_of_I2C_DO_SEND_RESTART_WRITE                        text34       00DE9
__end_of_I2C_DO_SEND_STOP                                 text32       00DF3
__end_of_I2C_DO_TX                                        text38       004B4
__end_of_I2C_DO_TX_EMPTY                                  text42       00263
__end_of_I2C_Initialize                                   text78       00E5E
__end_of_I2C_MasterClearIrq                               text71       00DB1
__end_of_I2C_MasterClose                                  text70       00DB4
__end_of_I2C_MasterDisableIrq                             text69       00DB7
__end_of_I2C_MasterEnableRestart                          text66       00DBD
__end_of_I2C_MasterFsm                                    text26       00183
__end_of_I2C_MasterGetRxData                              text47       00DC6
__end_of_I2C_MasterIsNack                                 text44       00E2A
__end_of_I2C_MasterOpen                                   text21       00E9F
__end_of_I2C_MasterOperation                              text23       0009F
__end_of_I2C_MasterSendAck                                text46       00DD5
__end_of_I2C_MasterSendNack                               text48       00DD1
__end_of_I2C_MasterSendTxData                             text45       00DDA
__end_of_I2C_MasterSetIrq                                 text43       00DC9
__end_of_I2C_MasterStart                                  text67       00DBA
__end_of_I2C_MasterStartRx                                text49       00DC3
__end_of_I2C_MasterStop                                   text65       00DC0
__end_of_I2C_MasterWaitForEvent                           text25       00E30
__end_of_I2C_MasterWrite                                  text22       00E0C
__end_of_I2C_Open                                         text20       0033A
__end_of_I2C_Poller                                       text24       00E84
__end_of_I2C_Read1ByteRegister                            text18       00300
__end_of_I2C_SetAddressNackCallback                       text19       00E91
__end_of_I2C_SetBuffer                                    text64       00EBF
__end_of_I2C_SetCallback                                  text63       0012F
__end_of_I2C_SetDataCompleteCallback                      text62       00E77
__end_of_I2C_Write1ByteRegister                           text17       00296
__end_of_MAX7219_CLEAR                                    text85       00F4A
__end_of_MAX7219_Init                                     text83       00109
__end_of_OSCILLATOR_Initialize                            text77       00E24
__end_of_PIN_MANAGER_Initialize                           text76       0002F
__end_of_RTC_Display                                      text12       00602
__end_of_SYSTEM_Initialize                                text74       00EAF
__end_of_WDT_Initialize                                   text75       00DCD
__end_of_WriteBits                                        text87       001DA
__end_of_Write_Comand                                     text84       000E5
__end_of_Write_Digits                                     text86       00158
__end_of___awdiv                                          text16       00571
__end_of___awmod                                          text15       0045F
__end_of___bmul                                           text14       00F73
__end_of___lwdiv                                          text73       00376
__end_of___lwmod                                          text72       002CA
__end_of__initialization                                  cinit        007FD
__end_of_bcd_to_decimal                                   text13       00F5E
__end_of_debounce                                         text10       001AE
__end_of_decimal_to_bcd                                   text11       00234
__end_of_delay                                            text9        00FA0
__end_of_display_digitalCLK                               text7        00512
__end_of_ds18b20_read                                     text1        0040C
__end_of_ds18b20_read_bit                                 text6        00FE8
__end_of_ds18b20_read_byte                                text5        00064
__end_of_ds18b20_start                                    text4        00049
__end_of_ds18b20_write_bit                                text3        00F89
__end_of_ds18b20_write_byte                               text2        01000
__end_of_edit                                             text8        007E8
__end_of_i2c_fsmStateTable                                stringtext1  00820
__end_of_main                                             maintext     0069C
__end_of_rd1RegCompleteHandler                            text59       00EF2
__end_of_rd1RegCompleteHandler@i2c_master_example$F143    text55       00F25
__end_of_rd2RegCompleteHandler                            text58       00F03
__end_of_rd2RegCompleteHandler@i2c_master_example$F154    text54       00F36
__end_of_rdBlkRegCompleteHandler                          text56       00FB8
__end_of_rdBlkRegCompleteHandler@i2c_master_example$F177  text52       00FD0
__end_of_wr1RegCompleteHandler                            text60       00EE1
__end_of_wr1RegCompleteHandler@i2c_master_example$F160    text53       00016
__end_of_wr2RegCompleteHandler                            text57       00F14
__end_of_wr2RegCompleteHandler@i2c_master_example$F166    text61       00ED0
__initialization                                          cinit        007E8
__pbitbssBANK0                                            bitbssBANK0  00378
__pbssBANK0                                               bssBANK0     00020
__pcstackBANK0                                            cstackBANK0  00050
__pcstackCOMMON                                           cstackCOMMON 00070
__pdataBANK0                                              dataBANK0    0005F
__pidataBANK0                                             idataBANK0   00E5E
__pmaintext                                               maintext     00602
__pnvBANK0                                                nvBANK0      0006B
__pnvBANK1                                                nvBANK1      000A0
__pstringtext1                                            stringtext1  00800
__ptext1                                                  text1        003BC
__ptext10                                                 text10       00183
__ptext11                                                 text11       00206
__ptext12                                                 text12       00571
__ptext13                                                 text13       00F4A
__ptext14                                                 text14       00F5E
__ptext15                                                 text15       0040C
__ptext16                                                 text16       00512
__ptext17                                                 text17       00263
__ptext18                                                 text18       002CA
__ptext19                                                 text19       00E84
__ptext2                                                  text2        00FE8
__ptext20                                                 text20       00300
__ptext21                                                 text21       00E91
__ptext22                                                 text22       00E07
__ptext23                                                 text23       00080
__ptext24                                                 text24       00E77
__ptext25                                                 text25       00E2A
__ptext26                                                 text26       00158
__ptext27                                                 text27       001DA
__ptext28                                                 text28       00E02
__ptext29                                                 text29       00DFD
__ptext3                                                  text3        00F73
__ptext30                                                 text30       00DF8
__ptext31                                                 text31       00DF3
__ptext32                                                 text32       00DEE
__ptext33                                                 text33       00DE9
__ptext34                                                 text34       00DE4
__ptext35                                                 text35       00DDF
__ptext36                                                 text36       00E3C
__ptext37                                                 text37       00376
__ptext38                                                 text38       0045F
__ptext39                                                 text39       00E43
__ptext4                                                  text4        0002F
__ptext40                                                 text40       00E4B
__ptext41                                                 text41       00DDA
__ptext42                                                 text42       00234
__ptext43                                                 text43       00DC6
__ptext44                                                 text44       00E24
__ptext45                                                 text45       00DD5
__ptext46                                                 text46       00DD1
__ptext47                                                 text47       00DC3
__ptext48                                                 text48       00DCD
__ptext49                                                 text49       00DC0
__ptext5                                                  text5        00049
__ptext50                                                 text50       00DAC
__ptext51                                                 text51       00DAA
__ptext52                                                 text52       00FB8
__ptext53                                                 text53       00005
__ptext54                                                 text54       00F25
__ptext55                                                 text55       00F14
__ptext56                                                 text56       00FA0
__ptext57                                                 text57       00F03
__ptext58                                                 text58       00EF2
__ptext59                                                 text59       00EE1
__ptext6                                                  text6        00FD0
__ptext60                                                 text60       00ED0
__ptext61                                                 text61       00EBF
__ptext62                                                 text62       00E6A
__ptext63                                                 text63       00109
[...]
      Totals:         0       0       0       0       0       0       0       0
Total ram usage:        0 bytes
 Hardware stack levels used:    1
 This function calls:
		Nothing
 This function is called by:
		_SYSTEM_Initialize
 This function uses a non-reentrant model


 *************** function _PIN_MANAGER_Initialize *****************
 Defined at:
		line 55 in file "mcc_generated_files/pin_manager.c"
 Parameters:    Size  Location     Type
		None
 Auto vars:     Size  Location     Type
		None
 Return value:  Size  Location     Type
                  1    wreg      void 
 Registers used:
		wreg, status,2
 Tracked objects:
		On entry : 
		On exit  : 
		Unchanged: 
 Data sizes:     COMMON   BANK0   BANK1   BANK2   BANK3   BANK4   BANK5   BANK6
      Params:         0       0       0       0       0       0       0       0
      Locals:         0       0       0       0       0       0       0       0
      Temps:          0       0       0       0       0       0       0       0
      Totals:         0       0       0       0       0       0       0       0
Total ram usage:        0 bytes
 Hardware stack levels used:    1
 This function calls:
		Nothing
 This function is called by:
		_SYSTEM_Initialize
 This function uses a non-reentrant model


 *************** function _OSCILLATOR_Initialize *****************
 Defined at:
		line 60 in file "mcc_generated_files/mcc.c"
 Parameters:    Size  Location     Type
		None
 Auto vars:     Size  Location     Type
		None
 Return value:  Size  Location     Type
                  1    wreg      void 
 Registers used:
		wreg, status,2
 Tracked objects:
		On entry : 
		On exit  : 
		Unchanged: 
 Data sizes:     COMMON   BANK0   BANK1   BANK2   BANK3   BANK4   BANK5   BANK6
      Params:         0       0       0       0       0       0       0       0
      Locals:         0       0       0       0       0       0       0       0
      Temps:          0       0       0       0       0       0       0       0
      Totals:         0       0       0       0       0       0       0       0
Total ram usage:        0 bytes
 Hardware stack levels used:    1
 This function calls:
		Nothing
 This function is called by:
		_SYSTEM_Initialize
 This function uses a non-reentrant model


 *************** function _I2C_Initialize *****************
 Defined at:
		line 167 in file "mcc_generated_files/i2c_master.c"
 Parameters:    Size  Location     Type
		None
 Auto vars:     Size  Location     Type
		None
 Return value:  Size  Location     Type
                  1    wreg      void 
 Registers used:
		wreg, status,2
 Tracked objects:
		On entry : 
		On exit  : 
		Unchanged: 
 Data sizes:     COMMON   BANK0   BANK1   BANK2   BANK3   BANK4   BANK5   BANK6
      Params:         0       0       0       0       0       0       0       0
      Locals:         0       0       0       0       0       0       0       0
      Temps:          0       0       0       0       0       0       0       0
      Totals:         0       0       0       0       0       0       0       0
Total ram usage:        0 bytes
 Hardware stack levels used:    1
 This function calls:
		Nothing
 This function is called by:
		_SYSTEM_Initialize
 This function uses a non-reentrant model


 *************** function _EUSART_Initialize *****************
 Defined at:
		line 66 in file "mcc_generated_files/eusart.c"
 Parameters:    Size  Location     Type
		None
 Auto vars:     Size  Location     Type
		None
 Return value:  Size  Location     Type
                  1    wreg      void 
 Registers used:
		wreg, status,2, status,0, pclath, cstack
 Tracked objects:
		On entry : 
		On exit  : 
		Unchanged: 
 Data sizes:     COMMON   BANK0   BANK1   BANK2   BANK3   BANK4   BANK5   BANK6
      Params:         0       0       0       0       0       0       0       0
      Locals:         0       0       0       0       0       0       0       0
      Temps:          0       0       0       0       0       0       0       0
      Totals:         0       0       0       0       0       0       0       0
Total ram usage:        0 bytes
 Hardware stack levels used:    1
 Hardware stack levels required when called:    1
 This function calls:
		_EUSART_SetErrorHandler
		_EUSART_SetFramingErrorHandler
		_EUSART_SetOverrunErrorHandler
 This function is called by:
		_SYSTEM_Initialize
 This function uses a non-reentrant model


 *************** function _EUSART_SetOverrunErrorHandler *****************
 Defined at:
		line 161 in file "mcc_generated_files/eusart.c"
 Parameters:    Size  Location     Type
  interruptHan    2    0[COMMON] PTR FTN()void 
		 -> EUSART_DefaultOverrunErrorHandler(1), 
 Auto vars:     Size  Location     Type
		None
 Return value:  Size  Location     Type
                  1    wreg      void 
 Registers used:
		wreg
 Tracked objects:
		On entry : 
		On exit  : 
		Unchanged: 
 Data sizes:     COMMON   BANK0   BANK1   BANK2   BANK3   BANK4   BANK5   BANK6
      Params:         2       0       0       0       0       0       0       0
      Locals:         0       0       0       0       0       0       0       0
      Temps:          0       0       0       0       0       0       0       0
      Totals:         2       0       0       0       0       0       0       0
Total ram usage:        2 bytes
 Hardware stack levels used:    1
 This function calls:
		Nothing
 This function is called by:
		_EUSART_Initialize
 This function uses a non-reentrant model


 *************** function _EUSART_SetFramingErrorHandler *****************
 Defined at:
		line 157 in file "mcc_generated_files/eusart.c"
 Parameters:    Size  Location     Type
  interruptHan    2    0[COMMON] PTR FTN()void 
		 -> EUSART_DefaultFramingErrorHandler(1), 
 Auto vars:     Size  Location     Type
		None
 Return value:  Size  Location     Type
                  1    wreg      void 
 Registers used:
		wreg
 Tracked objects:
		On entry : 
		On exit  : 
		Unchanged: 
 Data sizes:     COMMON   BANK0   BANK1   BANK2   BANK3   BANK4   BANK5   BANK6
      Params:         2       0       0       0       0       0       0       0
      Locals:         0       0       0       0       0       0       0       0
      Temps:          0       0       0       0       0       0       0       0
      Totals:         2       0       0       0       0       0       0       0
Total ram usage:        2 bytes
 Hardware stack levels used:    1
 This function calls:
		Nothing
 This function is called by:
		_EUSART_Initialize
 This function uses a non-reentrant model


 *************** function _EUSART_SetErrorHandler *****************
 Defined at:
		line 165 in file "mcc_generated_files/eusart.c"
 Parameters:    Size  Location     Type
  interruptHan    2    0[COMMON] PTR FTN()void 
		 -> EUSART_DefaultErrorHandler(1), 
 Auto vars:     Size  Location     Type
		None
 Return value:  Size  Location     Type
                  1    wreg      void 
 Registers used:
		wreg
 Tracked objects:
		On entry : 
		On exit  : 
		Unchanged: 
 Data sizes:     COMMON   BANK0   BANK1   BANK2   BANK3   BANK4   BANK5   BANK6
      Params:         2       0       0       0       0       0       0       0
      Locals:         0       0       0       0       0       0       0       0
      Temps:          0       0       0       0       0       0       0       0
      Totals:         2       0       0       0       0       0       0       0
Total ram usage:        2 bytes
 Hardware stack levels used:    1
 This function calls:
		Nothing
 This function is called by:
		_EUSART_Initialize
 This function uses a non-reentrant model


 *************** function _MAX7219_Init *****************
 Defined at:
		line 123 in file "main.c"
 Parameters:    Size  Location     Type
		None
 Auto vars:     Size  Location     Type
		None
 Return value:  Size  Location     Type
                  1    wreg      void 
 Registers used:
		wreg, status,2, status,0, pclath, cstack
 Tracked objects:
		On entry : 
		On exit  : 
		Unchanged: 
 Data sizes:     COMMON   BANK0   BANK1   BANK2   BANK3   BANK4   BANK5   BANK6
      Params:         0       0       0       0       0       0       0       0
      Locals:         0       0       0       0       0       0       0       0
      Temps:          1       0       0       0       0       0       0       0
      Totals:         1       0       0       0       0       0       0       0
Total ram usage:        1 bytes
 Hardware stack levels used:    1
 Hardware stack levels required when called:    2
 This function calls:
		_Write_Comand
 This function is called by:
		_main
 This function uses a non-reentrant model


 *************** function _Write_Comand *****************
 Defined at:
		line 99 in file "main.c"
 Parameters:    Size  Location     Type
  Address         1    wreg     unsigned char 
  Data            1    6[COMMON] unsigned char 
 Auto vars:     Size  Location     Type
  Address         1    9[COMMON] unsigned char 
  temp            2   10[COMMON] unsigned int 
 Return value:  Size  Location     Type
                  1    wreg      void 
 Registers used:
		wreg, status,2, status,0, pclath, cstack
 Tracked objects:
		On entry : 
		On exit  : 
		Unchanged: 
 Data sizes:     COMMON   BANK0   BANK1   BANK2   BANK3   BANK4   BANK5   BANK6
      Params:         1       0       0       0       0       0       0       0
      Locals:         3       0       0       0       0       0       0       0
      Temps:          2       0       0       0       0       0       0       0
      Totals:         6       0       0       0       0       0       0       0
Total ram usage:        6 bytes
 Hardware stack levels used:    1
 Hardware stack levels required when called:    1
 This function calls:
		_WriteBits
 This function is called by:
		_MAX7219_Init
 This function uses a non-reentrant model


 *************** function _MAX7219_CLEAR *****************
 Defined at:
		line 117 in file "main.c"
 Parameters:    Size  Location     Type
		None
 Auto vars:     Size  Location     Type
  j               1   13[COMMON] unsigned char 
 Return value:  Size  Location     Type
                  1    wreg      void 
 Registers used:
		wreg, fsr1l, fsr1h, status,2, status,0, pclath, cstack
 Tracked objects:
		On entry : 
		On exit  : 
		Unchanged: 
 Data sizes:     COMMON   BANK0   BANK1   BANK2   BANK3   BANK4   BANK5   BANK6
      Params:         0       0       0       0       0       0       0       0
      Locals:         1       0       0       0       0       0       0       0
      Temps:          1       0       0       0       0       0       0       0
      Totals:         2       0       0       0       0       0       0       0
Total ram usage:        2 bytes
 Hardware stack levels used:    1
 Hardware stack levels required when called:    2
 This function calls:
		_Write_Digits
 This function is called by:
		_main
 This function uses a non-reentrant model


 *************** function _Write_Digits *****************
 Defined at:
		line 108 in file "main.c"
 Parameters:    Size  Location     Type
  Position        1    wreg     unsigned char 
  valueDigits     1    9[COMMON] unsigned char 
 Auto vars:     Size  Location     Type
  Position        1    0[BANK0 ] unsigned char 
  temp            2    1[BANK0 ] unsigned int 
 Return value:  Size  Location     Type
                  1    wreg      void 
 Registers used:
		wreg, fsr1l, fsr1h, status,2, status,0, pclath, cstack
 Tracked objects:
		On entry : 
		On exit  : 
		Unchanged: 
 Data sizes:     COMMON   BANK0   BANK1   BANK2   BANK3   BANK4   BANK5   BANK6
      Params:         1       0       0       0       0       0       0       0
      Locals:         0       3       0       0       0       0       0       0
      Temps:          2       0       0       0       0       0       0       0
      Totals:         3       3       0       0       0       0       0       0
Total ram usage:        6 bytes
 Hardware stack levels used:    1
 Hardware stack levels required when called:    1
 This function calls:
		_WriteBits
 This function is called by:
		_MAX7219_CLEAR
		_RTC_Display
		_edit
		_main
		_Animation
 This function uses a non-reentrant model


 *************** function _WriteBits *****************
 Defined at:
		line 85 in file "main.c"
 Parameters:    Size  Location     Type
  data            2    0[COMMON] unsigned int 
 Auto vars:     Size  Location     Type
  i               2    4[COMMON] unsigned int 
 Return value:  Size  Location     Type
                  1    wreg      void 
 Registers used:
		wreg, status,2, status,0
 Tracked objects:
		On entry : 
		On exit  : 
		Unchanged: 
 Data sizes:     COMMON   BANK0   BANK1   BANK2   BANK3   BANK4   BANK5   BANK6
      Params:         2       0       0       0       0       0       0       0
      Locals:         2       0       0       0       0       0       0       0
      Temps:          2       0       0       0       0       0       0       0
      Totals:         6       0       0       0       0       0       0       0
Total ram usage:        6 bytes
 Hardware stack levels used:    1
 This function calls:
		Nothing
 This function is called by:
		_Write_Comand
		_Write_Digits
 This function uses a non-reentrant model



MODULE INFORMATION

Module		Function		Class		Link	Load	Size
mcc_generated_files/examples/i2c_master_example.c
		_I2C_Write1ByteRegister		CODE           	0263	0000	51
		_I2C_Read1ByteRegister		CODE           	02CA	0000	54
		_rdBlkRegCompleteHandler@i2c_master_example$F177		CODE           	0FB8	0000	24
		_rd1RegCompleteHandler@i2c_master_example$F143		CODE           	0F14	0000	17
		_rd2RegCompleteHandler@i2c_master_example$F154		CODE           	0F25	0000	17
		_wr1RegCompleteHandler@i2c_master_example$F160		CODE           	0005	0000	17
		_wr2RegCompleteHandler@i2c_master_example$F166		CODE           	0EBF	0000	17

mcc_generated_files/examples/i2c_master_example.c estimated size: 197

mcc_generated_files/pin_manager.c
		_PIN_MANAGER_Initialize		CODE           	0016	0000	25

mcc_generated_files/pin_manager.c estimated size: 25

C:\Program Files\Microchip\xc8\v2.31\pic\sources\c99\common\lwmod.c
		___lwmod       		CODE           	0296	0000	52

C:\Program Files\Microchip\xc8\v2.31\pic\sources\c99\common\lwmod.c estimated size: 52

C:\Program Files\Microchip\xc8\v2.31\pic\sources\c99\common\awmod.c
		___awmod       		CODE           	040C	0000	83

C:\Program Files\Microchip\xc8\v2.31\pic\sources\c99\common\awmod.c estimated size: 83

mcc_generated_files/drivers/i2c_simple_master.c
		_wr1RegCompleteHandler		CODE           	0ED0	0000	17
		_wr2RegCompleteHandler		CODE           	0F03	0000	17
		_rdBlkRegCompleteHandler		CODE           	0FA0	0000	24
		_rd1RegCompleteHandler		CODE           	0EE1	0000	17
		_rd2RegCompleteHandler		CODE           	0EF2	0000	17

mcc_generated_files/drivers/i2c_simple_master.c estimated size: 92

shared
		__initialization		CODE           	07E8	0000	21
		_i2c_fsmStateTable		STRCODE        	0800	0000	32

shared estimated size: 53

mcc_generated_files/mcc.c
		_WDT_Initialize		CODE           	0DC9	0000	4
		_OSCILLATOR_Initialize		CODE           	0E1E	0000	6
		_SYSTEM_Initialize		CODE           	0E9F	0000	16

mcc_generated_files/mcc.c estimated size: 26

C:\Program Files\Microchip\xc8\v2.31\pic\sources\c99\common\lwdiv.c
		___lwdiv       		CODE           	033A	0000	60

C:\Program Files\Microchip\xc8\v2.31\pic\sources\c99\common\lwdiv.c estimated size: 60

C:\Program Files\Microchip\xc8\v2.31\pic\sources\c99\common\awdiv.c
		___awdiv       		CODE           	0512	0000	95

C:\Program Files\Microchip\xc8\v2.31\pic\sources\c99\common\awdiv.c estimated size: 95

mcc_generated_files/i2c_master.c
		_I2C_Close     		CODE           	0064	0000	28
		_I2C_MasterStartRx		CODE           	0DC0	0000	3
		_I2C_DO_SEND_ADR_WRITE		CODE           	0E43	0000	8
		_I2C_MasterWaitForEvent		CODE           	0E2A	0000	6
		_I2C_DO_SEND_STOP		CODE           	0DEE	0000	5
		_I2C_MasterSendNack		CODE           	0DCD	0000	4
		_I2C_MasterDisableIrq		CODE           	0DB4	0000	3
		_I2C_CallbackReturnStop		CODE           	0DAA	0000	2
		_I2C_MasterOperation		CODE           	0080	0000	31
		_I2C_DO_SEND_ADR_READ		CODE           	0E4B	0000	9
		_I2C_DO_RX_NACK_STOP		CODE           	0DF8	0000	5
		_I2C_DO_SEND_RESTART		CODE           	0DE9	0000	5
		_I2C_DO_RX     		CODE           	0376	0000	70
		_I2C_DO_TX     		CODE           	045F	0000	85
		_I2C_DO_IDLE   		CODE           	0DDA	0000	5
		_I2C_DO_RCEN   		CODE           	0E3C	0000	7
		_I2C_Poller    		CODE           	0E77	0000	13
		_I2C_DO_RESET  		CODE           	0E02	0000	5
		_I2C_MasterClose		CODE           	0DB1	0000	3
		_I2C_MasterWrite		CODE           	0E07	0000	5
		_I2C_DO_RX_ACK 		CODE           	0DF3	0000	5
		_I2C_MasterStart		CODE           	0DB7	0000	3
		_I2C_MasterClearIrq		CODE           	0DAE	0000	3
		_I2C_MasterGetRxData		CODE           	0DC3	0000	3
		_I2C_SetCallback		CODE           	0109	0000	38
		_I2C_DO_ADDRESS_NACK		CODE           	01DA	0000	44
		_I2C_MasterEnableRestart		CODE           	0DBA	0000	3
		_I2C_CallbackReturnReset		CODE           	0DAC	0000	2
		_I2C_Open      		CODE           	0300	0000	58
		_I2C_SetAddressNackCallback		CODE           	0E84	0000	13
		_I2C_DO_TX_EMPTY		CODE           	0234	0000	47
		_I2C_DO_SEND_RESTART_WRITE		CODE           	0DE4	0000	5
		_I2C_MasterIsNack		CODE           	0E24	0000	6
		_I2C_SetDataCompleteCallback		CODE           	0E6A	0000	13
		_I2C_DO_RX_NACK_RESTART		CODE           	0DFD	0000	5
		_I2C_MasterSendAck		CODE           	0DD1	0000	4
		_I2C_MasterFsm 		CODE           	0158	0000	43
		_I2C_MasterSetIrq		CODE           	0DC6	0000	3
		_I2C_DO_SEND_RESTART_READ		CODE           	0DDF	0000	5
		_I2C_Initialize		CODE           	0E54	0000	10
		_I2C_SetBuffer 		CODE           	0EAF	0000	16
		_I2C_MasterOpen		CODE           	0E91	0000	14
		_I2C_MasterSendTxData		CODE           	0DD5	0000	5
		_I2C_MasterStop		CODE           	0DBD	0000	3

mcc_generated_files/i2c_master.c estimated size: 653

C:\Program Files\Microchip\xc8\v2.31\pic\sources\c99\common\Umul8.c
		___bmul        		CODE           	0F5E	0000	21

C:\Program Files\Microchip\xc8\v2.31\pic\sources\c99\common\Umul8.c estimated size: 21

mcc_generated_files/eusart.c
		_EUSART_Initialize		CODE           	009F	0000	34
		_EUSART_SetFramingErrorHandler		CODE           	0E12	0000	6
		_EUSART_SetErrorHandler		CODE           	0E0C	0000	6
		_EUSART_SetOverrunErrorHandler		CODE           	0E18	0000	6

mcc_generated_files/eusart.c estimated size: 52

main.c
		_delay         		CODE           	0F89	0000	23
		_debounce      		CODE           	0183	0000	43
		_Write_Comand  		CODE           	00C1	0000	36
		_ds18b20_write_byte		CODE           	0FE8	0000	24
		_WriteBits     		CODE           	01AE	0000	44
		_decimal_to_bcd		CODE           	0206	0000	46
		_main          		CODE           	0602	0000	154
		_bcd_to_decimal		CODE           	0F4A	0000	20
		_display_digitalCLK		CODE           	04B4	0000	94
		_MAX7219_Init  		CODE           	00E5	0000	36
		_MAX7219_CLEAR 		CODE           	0F36	0000	20
		_ds18b20_read  		CODE           	03BC	0000	80
		_ds18b20_start 		CODE           	002F	0000	26
		_RTC_Display   		CODE           	0571	0000	145
		_ds18b20_read_bit		CODE           	0FD0	0000	24
		_edit          		CODE           	069C	0000	332
		_Write_Digits  		CODE           	012F	0000	41
		_ds18b20_read_byte		CODE           	0049	0000	27
		_ds18b20_write_bit		CODE           	0F73	0000	22

main.c estimated size: 1237

